<html>
<body>
<pre>
<h1>µVision Build Log</h1>
<h2>Project:</h2>
C:\Users\Naso\Dropbox\DbW-Tiva\DbW-Tiva\Joystick\DriveByWireIO.uvproj
Project File Date:  03/12/2019

<h2>Output:</h2>
Rebuild target 'Target 1'
assembling startup.s...
compiling main.c...
compiling Globals_and_Defines.c...
compiling initialization.c...
compiling Tick_Timer.c...
compiling Joystick.c...
compiling DriveByWireIO.c...
compiling Switches_PORTF.c...
compiling CAN_comm.c...
linking...
Program Size: Code=5138 RO-data=1482 RW-data=48 ZI-data=1136  
".\DriveByWireIO.axf" - 0 Error(s), 0 Warning(s).
</pre>
</body>
</html>
pbox\\DbW-Tiva\\DbW-Tiva\\Joystick\\DriveByWireIO.axf" 
Connecting: Mode=JTAG, Speed=1000000Hz
Erase Done.
Programming Done.
Verify OK.
