<html>
<body>
<pre>
<h1>µVision Build Log</h1>
<h2>Project:</h2>
C:\Users\Naso\Dropbox\DbW-Tiva\DbW-Tiva\Throttle\throttle.uvproj
Project File Date:  03/13/2019

<h2>Output:</h2>
Rebuild target 'Target 1'
assembling startup.s...
compiling main.c...
compiling Globals_and_Defines.c...
compiling initialization.c...
compiling Tick_Timer.c...
compiling Switches_PORTF.c...
compiling CAN_comm.c...
CAN_comm.c(67): warning:  #550-D: variable "CAN_status" was set but never used
        uint32_t int_status, CAN_status;
CAN_comm.c: 1 warning, 0 errors
compiling Pedal_ADC.c...
compiling DAC.c...
compiling Drive_by_Wire.c...
linking...
Program Size: Code=5362 RO-data=1482 RW-data=8 ZI-data=1120  
".\throttle.axf" - 0 Error(s), 1 Warning(s).
Load "C:\\Users\\Naso\\Dropbox\\DbW-Tiva\\DbW-Tiva\\Throttle\\throttle.axf" 
Set JLink Project File to "C:\Users\Naso\Dropbox\DbW-Tiva\DbW-Tiva\Throttle\JLinkSettings.ini"
* JLink Info: Device "TM4C123GH6PM" selected.
 
JLink info:
------------
DLL: V6.45a, compiled Mar  6 2019 16:49:14
Firmware: J-Link V10 compiled Mar  7 2019 15:19:19
Hardware: V10.10
S/N : 260110548 
OEM : SEGGER-EDU 
Feature(s) : FlashBP, GDB 
 
* JLink Info: Found SW-DP with ID 0x2BA01477
* JLink Info: Scanning AP map to find all available APs
* JLink Info: AP[1]: Stopped AP scan as end of AP map has been reached
* JLink Info: AP[0]: AHB-AP (IDR: 0x24770011)
* JLink Info: Iterating through AP map to find AHB-AP to use
* JLink Info: AP[0]: Core found
* JLink Info: AP[0]: AHB-AP ROM base: 0xE00FF000
* JLink Info: CPUID register: 0x410FC241. Implementer code: 0x41 (ARM)
* JLink Info: Found Cortex-M4 r0p1, Little endian.
* JLink Info: FPUnit: 6 code (BP) slots and 2 literal slots
* JLink Info: CoreSight components:
* JLink Info: ROMTbl[0] @ E00FF000
* JLink Info: ROMTbl[0][0]: E000E000, CID: B105E00D, PID: 000BB00C SCS-M7
* JLink Info: ROMTbl[0][1]: E0001000, CID: B105E00D, PID: 003BB002 DWT
* JLink Info: ROMTbl[0][2]: E0002000, CID: B105E00D, PID: 002BB003 FPB
* JLink Info: ROMTbl[0][3]: E0000000, CID: B105E00D, PID: 003BB001 ITM
* JLink Info: ROMTbl[0][4]: E0040000, CID: B105900D, PID: 000BB9A1 TPIU
* JLink Info: ROMTbl[0][5]: E0041000, CID: B105900D, PID: 000BB925 ETM
ROMTableAddr = 0xE00FF003
* JLink Info: Reset: Halt core after reset via DEMCR.VC_CORERESET.
* JLink Info: Reset: Reset device via AIRCR.SYSRESETREQ.
 
Target info:
------------
Device: TM4C123GH6PM
VTarget = 3.343V
State of Pins: 
TCK: 0, TDI: 1, TDO: 0, TMS: 1, TRES: 1, TRST: 0
Hardware-Breakpoints: 6
Software-Breakpoints: 8192
Watchpoints:          4
JTAG speed: 2000 kHz
 
Erase Done.
Programming Done.
Verify OK.
* JLink Info: Reset: Halt core after reset via DEMCR.VC_CORERESET.
* JLink Info: Reset: Reset device via AIRCR.SYSRESETREQ.
Application running ...
</pre>
</body>
</html>
eset: Halt core after reset via DEMCR.VC_CORERESET.
* JLink Info: Reset: Reset device via AIRCR.SYSRESETREQ.
Application running ...
tings.ini"
* JLink Info: Device "TM4C123GH6PM" selected.
 
JLink info:
------------
DLL: V6.45a, compiled Mar  6 2019 16:49:14
Firmware: J-Link V10 compiled Mar  7 2019 15:19:19
Hardware: V10.10
S/N : 260110548 
OEM : SEGGER-EDU 
Feature(s) : FlashBP, GDB 
 
* JLink Info: Found SW-DP with ID 0x2BA01477
* JLink Info: Scanning AP map to find all available APs
* JLink Info: AP[1]: Stopped AP scan as end of AP map has been reached
* JLink Info: AP[0]: AHB-AP (IDR: 0x24770011)
* JLink Info: Iterating through AP map to find AHB-AP to use
* JLink Info: AP[0]: Core found
* JLink Info: AP[0]: AHB-AP ROM base: 0xE00FF000
* JLink Info: CPUID register: 0x410FC241. Implementer code: 0x41 (ARM)
* JLink Info: Found Cortex-M4 r0p1, Little endian.
* JLink Info: FPUnit: 6 code (BP) slots and 2 literal slots
* JLink Info: CoreSight components:
* JLink Info: ROMTbl[0] @ E00FF000
* JLink Info: ROMTbl[0][0]: E000E000, CID: B105E00D, PID: 000BB00C SCS-M7
* JLink Info: ROMTbl[0][1]: E0001000, CID: B105E00D, PID: 003BB002 DWT
* JLink Info: ROMTbl[0][2]: E0002000, CID: B105E00D, PID: 002BB003 FPB
* JLink Info: ROMTbl[0][3]: E0000000, CID: B105E00D, PID: 003BB001 ITM
* JLink Info: ROMTbl[0][4]: E0040000, CID: B105900D, PID: 000BB9A1 TPIU
* JLink Info: ROMTbl[0][5]: E0041000, CID: B105900D, PID: 000BB925 ETM
ROMTableAddr = 0xE00FF003
* JLink Info: Reset: Halt core after reset via DEMCR.VC_CORERESET.
* JLink Info: Reset: Reset device via AIRCR.SYSRESETREQ.
 
Target info:
------------
Device: TM4C123GH6PM
VTarget = 3.348V
State of Pins: 
TCK: 0, TDI: 1, TDO: 0, TMS: 1, TRES: 1, TRST: 0
Hardware-Breakpoints: 6
Software-Breakpoints: 8192
Watchpoints:          4
JTAG speed: 2000 kHz
 
Erase Done.
Programming Done.
Verify OK.
* JLink Info: Reset: Halt core after reset via DEMCR.VC_CORERESET.
* JLink Info: Reset: Reset device via AIRCR.SYSRESETREQ.
Application running ...
