<html>
<body>
<pre>
<h1>µVision Build Log</h1>
<h2>Project:</h2>
C:\Users\Naso\Dropbox\DbW-Tiva\DbW-Tiva\Throttle\throttle.uvproj
Project File Date:  03/12/2019

<h2>Output:</h2>
Rebuild target 'Target 1'
assembling startup.s...
compiling main.c...
compiling Globals_and_Defines.c...
compiling initialization.c...
compiling Tick_Timer.c...
compiling Switches_PORTF.c...
compiling CAN_comm.c...
CAN_comm.c(67): warning:  #550-D: variable "CAN_status" was set but never used
        uint32_t int_status, CAN_status;
CAN_comm.c: 1 warning, 0 errors
compiling Pedal_ADC.c...
compiling DAC.c...
compiling Drive_by_Wire.c...
linking...
Program Size: Code=5306 RO-data=1482 RW-data=8 ZI-data=1120  
".\throttle.axf" - 0 Error(s), 1 Warning(s).
</pre>
</body>
</html>
pbox\\DbW-Tiva\\DbW-Tiva\\Throttle\\throttle.axf" 
Connecting: Mode=JTAG, Speed=1000000Hz
Connection failed!, error code=&d
Error: Flash Download failed  -  Target DLL has been cancelled
