<html>
<body>
<pre>
<h1>µVision Build Log</h1>
<h2>Project:</h2>
C:\Users\Naso\Dropbox\DbW-Tiva\DbW-Tiva\Steer\DriveByWireIO.uvproj
Project File Date:  04/14/2019

<h2>Output:</h2>
Rebuild target 'Target 1'
assembling startup.s...
compiling main.c...
compiling Globals_and_Defines.c...
compiling initialization.c...
compiling Tick_Timer.c...
compiling Steering_Actuator.c...
compiling DriveByWireIO.c...
compiling Switches_PORTF.c...
compiling CAN_comm.c...
compiling Estop_ADC.c...
linking...
Program Size: Code=6190 RO-data=1482 RW-data=76 ZI-data=1204  
".\DriveByWireIO.axf" - 0 Error(s), 0 Warning(s).
Load "C:\\Users\\Naso\\Dropbox\\DbW-Tiva\\DbW-Tiva\\Steer\\DriveByWireIO.axf" 
Connecting: Mode=JTAG, Speed=1000000Hz
Erase Done.
Programming Done.
Verify OK.
</pre>
</body>
</html>
