<html>
<body>
<pre>
<h1>µVision Build Log</h1>
<h2>Project:</h2>
C:\Users\Naso\Dropbox\DbW-Tiva\DbW-Tiva\Steer\DriveByWireIO.uvproj
Project File Date:  04/14/2019

<h2>Output:</h2>
Rebuild target 'Target 1'
assembling startup.s...
compiling main.c...
compiling Globals_and_Defines.c...
compiling initialization.c...
compiling Tick_Timer.c...
compiling Steering_Actuator.c...
compiling DriveByWireIO.c...
compiling Switches_PORTF.c...
compiling CAN_comm.c...
compiling Estop_ADC.c...
linking...
Program Size: Code=6126 RO-data=1482 RW-data=76 ZI-data=1204  
".\DriveByWireIO.axf" - 0 Error(s), 0 Warning(s).
</pre>
</body>
</html>
...
linking...
Program Size: Code=6126 RO-data=1482 RW-data=76 ZI-data=1204  
".\DriveByWireIO.axf" - 0 Error(s), 1 Warning(s).

Estop_ADC.c: 1 warning, 0 errors
linking...
Program Size: Code=6126 RO-data=1482 RW-data=76 ZI-data=1204  
".\DriveByWireIO.axf" - 0 Error(s), 2 Warning(s).
#223-D: function "ADCProcessorTrigger" declared implicitly
        ADCProcessorTrigger(ADC0_BASE, 1);
Estop_ADC.c(13): warning:  #223-D: function "ADCIntStatus" declared implicitly
        while(!ADCIntStatus(ADC0_BASE, 1, false))
Estop_ADC.c(13): error:  #20: identifier "false" is undefined
        while(!ADCIntStatus(ADC0_BASE, 1, false))
Estop_ADC.c(17): warning:  #223-D: function "ADCSequenceDataGet" declared implicitly
        ADCSequenceDataGet(ADC0_BASE, 1, ADC_value);
Estop_ADC.c(30): warning:  #223-D: function "SysCtlPeripheralEnable" declared implicitly
        SysCtlPeripheralEnable(SYSCTL_PERIPH_GPIOB);
Estop_ADC.c(30): error:  #20: identifier "SYSCTL_PERIPH_GPIOB" is undefined
        SysCtlPeripheralEnable(SYSCTL_PERIPH_GPIOB);
Estop_ADC.c(31): warning:  #223-D: function "SysCtlPeripheralReady" declared implicitly
        while(!SysCtlPeripheralReady(SYSCTL_PERIPH_GPIOB))
Estop_ADC.c(34): error:  #20: identifier "SYSCTL_PERIPH_GPIOD" is undefined
        SysCtlPeripheralEnable(SYSCTL_PERIPH_GPIOD);
Estop_ADC.c(38): error:  #20: identifier "SYSCTL_PERIPH_GPIOE" is undefined
        SysCtlPeripheralEnable(SYSCTL_PERIPH_GPIOE);
Estop_ADC.c(45): warning:  #223-D: function "GPIOPinTypeADC" declared implicitly
        GPIOPinTypeADC(GPIO_PORTD_BASE, GPIO_PIN_3);
Estop_ADC.c(45): error:  #20: identifier "GPIO_PORTD_BASE" is undefined
        GPIOPinTypeADC(GPIO_PORTD_BASE, GPIO_PIN_3);
Estop_ADC.c(45): error:  #20: identifier "GPIO_PIN_3" is undefined
        GPIOPinTypeADC(GPIO_PORTD_BASE, GPIO_PIN_3);
Estop_ADC.c(46): error:  #20: identifier "GPIO_PORTB_BASE" is undefined
        GPIOPinTypeADC(GPIO_PORTB_BASE, GPIO_PIN_5);
Estop_ADC.c(46): error:  #20: identifier "GPIO_PIN_5" is undefined
        GPIOPinTypeADC(GPIO_PORTB_BASE, GPIO_PIN_5);
Estop_ADC.c(47): error:  #20: identifier "GPIO_PORTE_BASE" is undefined
    GPIOPinTypeADC(GPIO_PORTE_BASE, GPIO_PIN_3);                
Estop_ADC.c(49): error:  #20: identifier "SYSCTL_PERIPH_ADC0" is undefined
        SysCtlPeripheralEnable(SYSCTL_PERIPH_ADC0);
Estop_ADC.c(54): warning:  #223-D: function "ADCSequenceConfigure" declared implicitly
        ADCSequenceConfigure(ADC0_BASE, 1, ADC_TRIGGER_PROCESSOR, 0);
Estop_ADC.c(54): error:  #20: identifier "ADC0_BASE" is undefined
        ADCSequenceConfigure(ADC0_BASE, 1, ADC_TRIGGER_PROCESSOR, 0);
Estop_ADC.c(54): error:  #20: identifier "ADC_TRIGGER_PROCESSOR" is undefined
        ADCSequenceConfigure(ADC0_BASE, 1, ADC_TRIGGER_PROCESSOR, 0);
Estop_ADC.c(55): warning:  #223-D: function "ADCSequenceStepConfigure" declared implicitly
        ADCSequenceStepConfigure(ADC0_BASE, 1, 0, ADC_CTL_CH4);
Estop_ADC.c(55): error:  #20: identifier "ADC_CTL_CH4" is undefined
        ADCSequenceStepConfigure(ADC0_BASE, 1, 0, ADC_CTL_CH4);
Estop_ADC.c(56): error:  #20: identifier "ADC_CTL_CH11" is undefined
        ADCSequenceStepConfigure(ADC0_BASE, 1, 1, ADC_CTL_CH11);
Estop_ADC.c(57): error:  #20: identifier "ADC_CTL_CH2" is undefined
        ADCSequenceStepConfigure(ADC0_BASE,1,2,ADC_CTL_CH2|ADC_CTL_IE|ADC_CTL_END);
Estop_ADC.c(57): error:  #20: identifier "ADC_CTL_IE" is undefined
        ADCSequenceStepConfigure(ADC0_BASE,1,2,ADC_CTL_CH2|ADC_CTL_IE|ADC_CTL_END);
Estop_ADC.c(57): error:  #20: identifier "ADC_CTL_END" is undefined
        ADCSequenceStepConfigure(ADC0_BASE,1,2,ADC_CTL_CH2|ADC_CTL_IE|ADC_CTL_END);
Estop_ADC.c(59): warning:  #223-D: function "ADCSequenceEnable" declared implicitly
                ADCSequenceEnable(ADC0_BASE, 1);
Estop_ADC.c: 10 warnings, 20 errors
".\DriveByWireIO.axf" - 20 Error(s), 10 Warning(s).
Target not created
