<html>
<body>
<pre>
<h1>µVision Build Log</h1>
<h2>Project:</h2>
C:\DbW-Tiva\brakeCL\throttle.uvproj
Project File Date:  02/26/2019

<h2>Output:</h2>
Rebuild target 'Target 1'
assembling startup.s...
compiling main.c...
main.c(19): warning:  #177-D: variable "tick_count" was declared but never referenced
        uint32_t tick_count = 0;
main.c(20): warning:  #177-D: variable "act_state" was declared but never referenced
        bool act_state = false;
main.c(21): warning:  #177-D: variable "position" was declared but never referenced
        uint32_t position;
main.c: 3 warnings, 0 errors
compiling Globals_and_Defines.c...
compiling initialization.c...
compiling Tick_Timer.c...
compiling Switches_PORTF.c...
compiling CAN_comm.c...
CAN_comm.c(67): warning:  #550-D: variable "CAN_status" was set but never used
        uint32_t int_status, CAN_status;
CAN_comm.c: 1 warning, 0 errors
compiling Pedal_ADC.c...
compiling Drive_by_Pedal.c...
compiling Digital_Pot.c...
compiling Drive_by_Wire.c...
compiling Linear_Actuator.c...
compiling PID_Cntl.c...
linking...
Program Size: Code=5914 RO-data=1482 RW-data=24 ZI-data=1120  
".\throttle.axf" - 0 Error(s), 4 Warning(s).
