<html>
<body>
<pre>
<h1>µVision Build Log</h1>
<h2>Project:</h2>
C:\Users\Naso\Dropbox\DbW-Tiva\DbW-Tiva\brakeCL\throttle.uvproj
Project File Date:  04/12/2019

<h2>Output:</h2>
Rebuild target 'Target 1'
assembling startup.s...
compiling main.c...
compiling Globals_and_Defines.c...
compiling initialization.c...
compiling Tick_Timer.c...
compiling Switches_PORTF.c...
compiling CAN_comm.c...
compiling Pressure_ADC.c...
compiling Linear_Actuator.c...
compiling PID_Cntl.c...
linking...
Program Size: Code=6002 RO-data=1482 RW-data=88 ZI-data=1120  
".\throttle.axf" - 0 Error(s), 0 Warning(s).
</pre>
</body>
</html>
pbox\\DbW-Tiva\\DbW-Tiva\\brakeCL\\throttle.axf" 
Connecting: Mode=JTAG, Speed=1000000Hz
Erase Done.
Programming Done.
Verify OK.
s).
